file100.wav_16k.wav_norm.wav_mono.wav_silence.wav_2sec
file1000.wav_16k.wav_norm.wav_mono.wav_silence.wav_2sec
file1001.wav_16k.wav_norm.wav_mono.wav_silence.wav_2sec
file1004.wav_16k.wav_norm.wav_mono.wav_silence.wav_2sec
file1005.wav_16k.wav_norm.wav_mono.wav_silence.wav_2sec
file1010.wav_16k.wav_norm.wav_mono.wav_silence.wav_2sec
file1018.wav_16k.wav_norm.wav_mono.wav_silence.wav_2sec
file1019.wav_16k.wav_norm.wav_mono.wav_silence.wav_2sec
file1021.wav_16k.wav_norm.wav_mono.wav_silence.wav_2sec
file1029.wav_16k.wav_norm.wav_mono.wav_silence.wav_2sec
file1038.wav_16k.wav_norm.wav_mono.wav_silence.wav_2sec
file1040.wav_16k.wav_norm.wav_mono.wav_silence.wav_2sec
file1045.wav_16k.wav_norm.wav_mono.wav_silence.wav_2sec
file1046.wav_16k.wav_norm.wav_mono.wav_silence.wav_2sec
file1047.wav_16k.wav_norm.wav_mono.wav_silence.wav_2sec
file1048.wav_16k.wav_norm.wav_mono.wav_silence.wav_2sec
file1053.wav_16k.wav_norm.wav_mono.wav_silence.wav_2sec
file1054.wav_16k.wav_norm.wav_mono.wav_silence.wav_2sec
file1056.wav_16k.wav_norm.wav_mono.wav_silence.wav_2sec
file1067.wav_16k.wav_norm.wav_mono.wav_silence.wav_2sec
file107.wav_16k.wav_norm.wav_mono.wav_silence.wav_2sec
file1070.wav_16k.wav_norm.wav_mono.wav_silence.wav_2sec
file1074.wav_16k.wav_norm.wav_mono.wav_silence.wav_2sec
file1075.wav_16k.wav_norm.wav_mono.wav_silence.wav_2sec
file1083.wav_16k.wav_norm.wav_mono.wav_silence.wav_2sec
file1087.wav_16k.wav_norm.wav_mono.wav_silence.wav_2sec
file1097.wav_16k.wav_norm.wav_mono.wav_silence.wav_2sec
file1098.wav_16k.wav_norm.wav_mono.wav_silence.wav_2sec
file1099.wav_16k.wav_norm.wav_mono.wav_silence.wav_2sec
file1102.wav_16k.wav_norm.wav_mono.wav_silence.wav_2sec
file1104.wav_16k.wav_norm.wav_mono.wav_silence.wav_2sec
file1106.wav_16k.wav_norm.wav_mono.wav_silence.wav_2sec
file1110.wav_16k.wav_norm.wav_mono.wav_silence.wav_2sec
file1121.wav_16k.wav_norm.wav_mono.wav_silence.wav_2sec
file1125.wav_16k.wav_norm.wav_mono.wav_silence.wav_2sec
file1129.wav_16k.wav_norm.wav_mono.wav_silence.wav_2sec
file113.wav_16k.wav_norm.wav_mono.wav_silence.wav_2sec
file1131.wav_16k.wav_norm.wav_mono.wav_silence.wav_2sec
file1132.wav_16k.wav_norm.wav_mono.wav_silence.wav_2sec
file1133.wav_16k.wav_norm.wav_mono.wav_silence.wav_2sec
file1135.wav_16k.wav_norm.wav_mono.wav_silence.wav_2sec
file1149.wav_16k.wav_norm.wav_mono.wav_silence.wav_2sec
file1150.wav_16k.wav_norm.wav_mono.wav_silence.wav_2sec
file1152.wav_16k.wav_norm.wav_mono.wav_silence.wav_2sec
file1157.wav_16k.wav_norm.wav_mono.wav_silence.wav_2sec
file116.wav_16k.wav_norm.wav_mono.wav_silence.wav_2sec
file1162.wav_16k.wav_norm.wav_mono.wav_silence.wav_2sec
file1170.wav_16k.wav_norm.wav_mono.wav_silence.wav_2sec
file1171.wav_16k.wav_norm.wav_mono.wav_silence.wav_2sec
file1172.wav_16k.wav_norm.wav_mono.wav_silence.wav_2sec
file1174.wav_16k.wav_norm.wav_mono.wav_silence.wav_2sec
file1183.wav_16k.wav_norm.wav_mono.wav_silence.wav_2sec
file1186.wav_16k.wav_norm.wav_mono.wav_silence.wav_2sec
file1193.wav_16k.wav_norm.wav_mono.wav_silence.wav_2sec
file1204.wav_16k.wav_norm.wav_mono.wav_silence.wav_2sec
file1220.wav_16k.wav_norm.wav_mono.wav_silence.wav_2sec
file1221.wav_16k.wav_norm.wav_mono.wav_silence.wav_2sec
file1223.wav_16k.wav_norm.wav_mono.wav_silence.wav_2sec
file1230.wav_16k.wav_norm.wav_mono.wav_silence.wav_2sec
file1231.wav_16k.wav_norm.wav_mono.wav_silence.wav_2sec
file1245.wav_16k.wav_norm.wav_mono.wav_silence.wav_2sec
file1250.wav_16k.wav_norm.wav_mono.wav_silence.wav_2sec
file1253.wav_16k.wav_norm.wav_mono.wav_silence.wav_2sec
file126.wav_16k.wav_norm.wav_mono.wav_silence.wav_2sec
file1263.wav_16k.wav_norm.wav_mono.wav_silence.wav_2sec
file1265.wav_16k.wav_norm.wav_mono.wav_silence.wav_2sec
file1268.wav_16k.wav_norm.wav_mono.wav_silence.wav_2sec
file1269.wav_16k.wav_norm.wav_mono.wav_silence.wav_2sec
file127.wav_16k.wav_norm.wav_mono.wav_silence.wav_2sec
file1270.wav_16k.wav_norm.wav_mono.wav_silence.wav_2sec
file1277.wav_16k.wav_norm.wav_mono.wav_silence.wav_2sec
file1280.wav_16k.wav_norm.wav_mono.wav_silence.wav_2sec
file1284.wav_16k.wav_norm.wav_mono.wav_silence.wav_2sec
file1286.wav_16k.wav_norm.wav_mono.wav_silence.wav_2sec
file129.wav_16k.wav_norm.wav_mono.wav_silence.wav_2sec
file1292.wav_16k.wav_norm.wav_mono.wav_silence.wav_2sec
file1294.wav_16k.wav_norm.wav_mono.wav_silence.wav_2sec
file1296.wav_16k.wav_norm.wav_mono.wav_silence.wav_2sec
file13.wav_16k.wav_norm.wav_mono.wav_silence.wav_2sec
file130.wav_16k.wav_norm.wav_mono.wav_silence.wav_2sec
file1305.wav_16k.wav_norm.wav_mono.wav_silence.wav_2sec
file1306.wav_16k.wav_norm.wav_mono.wav_silence.wav_2sec
file1313.wav_16k.wav_norm.wav_mono.wav_silence.wav_2sec
file1317.wav_16k.wav_norm.wav_mono.wav_silence.wav_2sec
file1321.wav_16k.wav_norm.wav_mono.wav_silence.wav_2sec
file1323.wav_16k.wav_norm.wav_mono.wav_silence.wav_2sec
file1325.wav_16k.wav_norm.wav_mono.wav_silence.wav_2sec
file1328.wav_16k.wav_norm.wav_mono.wav_silence.wav_2sec
file1330.wav_16k.wav_norm.wav_mono.wav_silence.wav_2sec
file1331.wav_16k.wav_norm.wav_mono.wav_silence.wav_2sec
file1334.wav_16k.wav_norm.wav_mono.wav_silence.wav_2sec
file1339.wav_16k.wav_norm.wav_mono.wav_silence.wav_2sec
file134.wav_16k.wav_norm.wav_mono.wav_silence.wav_2sec
file1340.wav_16k.wav_norm.wav_mono.wav_silence.wav_2sec
file1346.wav_16k.wav_norm.wav_mono.wav_silence.wav_2sec
file1349.wav_16k.wav_norm.wav_mono.wav_silence.wav_2sec
file1352.wav_16k.wav_norm.wav_mono.wav_silence.wav_2sec
file1354.wav_16k.wav_norm.wav_mono.wav_silence.wav_2sec
file1359.wav_16k.wav_norm.wav_mono.wav_silence.wav_2sec
file1361.wav_16k.wav_norm.wav_mono.wav_silence.wav_2sec
file1369.wav_16k.wav_norm.wav_mono.wav_silence.wav_2sec
file1372.wav_16k.wav_norm.wav_mono.wav_silence.wav_2sec
file1373.wav_16k.wav_norm.wav_mono.wav_silence.wav_2sec
file1376.wav_16k.wav_norm.wav_mono.wav_silence.wav_2sec
file1377.wav_16k.wav_norm.wav_mono.wav_silence.wav_2sec
file1378.wav_16k.wav_norm.wav_mono.wav_silence.wav_2sec
file1379.wav_16k.wav_norm.wav_mono.wav_silence.wav_2sec
file1381.wav_16k.wav_norm.wav_mono.wav_silence.wav_2sec
file1390.wav_16k.wav_norm.wav_mono.wav_silence.wav_2sec
file1398.wav_16k.wav_norm.wav_mono.wav_silence.wav_2sec
file1408.wav_16k.wav_norm.wav_mono.wav_silence.wav_2sec
file1409.wav_16k.wav_norm.wav_mono.wav_silence.wav_2sec
file1412.wav_16k.wav_norm.wav_mono.wav_silence.wav_2sec
file1415.wav_16k.wav_norm.wav_mono.wav_silence.wav_2sec
file1416.wav_16k.wav_norm.wav_mono.wav_silence.wav_2sec
file1421.wav_16k.wav_norm.wav_mono.wav_silence.wav_2sec
file1422.wav_16k.wav_norm.wav_mono.wav_silence.wav_2sec
file1425.wav_16k.wav_norm.wav_mono.wav_silence.wav_2sec
file1429.wav_16k.wav_norm.wav_mono.wav_silence.wav_2sec
file1430.wav_16k.wav_norm.wav_mono.wav_silence.wav_2sec
file1433.wav_16k.wav_norm.wav_mono.wav_silence.wav_2sec
file1438.wav_16k.wav_norm.wav_mono.wav_silence.wav_2sec
file1442.wav_16k.wav_norm.wav_mono.wav_silence.wav_2sec
file1443.wav_16k.wav_norm.wav_mono.wav_silence.wav_2sec
file1445.wav_16k.wav_norm.wav_mono.wav_silence.wav_2sec
file1447.wav_16k.wav_norm.wav_mono.wav_silence.wav_2sec
file1448.wav_16k.wav_norm.wav_mono.wav_silence.wav_2sec
file1451.wav_16k.wav_norm.wav_mono.wav_silence.wav_2sec
file1452.wav_16k.wav_norm.wav_mono.wav_silence.wav_2sec
file147.wav_16k.wav_norm.wav_mono.wav_silence.wav_2sec
file1478.wav_16k.wav_norm.wav_mono.wav_silence.wav_2sec
file1485.wav_16k.wav_norm.wav_mono.wav_silence.wav_2sec
file1490.wav_16k.wav_norm.wav_mono.wav_silence.wav_2sec
file1491.wav_16k.wav_norm.wav_mono.wav_silence.wav_2sec
file1496.wav_16k.wav_norm.wav_mono.wav_silence.wav_2sec
file1501.wav_16k.wav_norm.wav_mono.wav_silence.wav_2sec
file1510.wav_16k.wav_norm.wav_mono.wav_silence.wav_2sec
file1513.wav_16k.wav_norm.wav_mono.wav_silence.wav_2sec
file1518.wav_16k.wav_norm.wav_mono.wav_silence.wav_2sec
file152.wav_16k.wav_norm.wav_mono.wav_silence.wav_2sec
file1521.wav_16k.wav_norm.wav_mono.wav_silence.wav_2sec
file1524.wav_16k.wav_norm.wav_mono.wav_silence.wav_2sec
file1525.wav_16k.wav_norm.wav_mono.wav_silence.wav_2sec
file1529.wav_16k.wav_norm.wav_mono.wav_silence.wav_2sec
file1530.wav_16k.wav_norm.wav_mono.wav_silence.wav_2sec
file1544.wav_16k.wav_norm.wav_mono.wav_silence.wav_2sec
file1549.wav_16k.wav_norm.wav_mono.wav_silence.wav_2sec
file155.wav_16k.wav_norm.wav_mono.wav_silence.wav_2sec
file1551.wav_16k.wav_norm.wav_mono.wav_silence.wav_2sec
file1552.wav_16k.wav_norm.wav_mono.wav_silence.wav_2sec
file1559.wav_16k.wav_norm.wav_mono.wav_silence.wav_2sec
file156.wav_16k.wav_norm.wav_mono.wav_silence.wav_2sec
file1562.wav_16k.wav_norm.wav_mono.wav_silence.wav_2sec
file1585.wav_16k.wav_norm.wav_mono.wav_silence.wav_2sec
file16.wav_16k.wav_norm.wav_mono.wav_silence.wav_2sec
file1600.wav_16k.wav_norm.wav_mono.wav_silence.wav_2sec
file1603.wav_16k.wav_norm.wav_mono.wav_silence.wav_2sec
file1604.wav_16k.wav_norm.wav_mono.wav_silence.wav_2sec
file1607.wav_16k.wav_norm.wav_mono.wav_silence.wav_2sec
file1612.wav_16k.wav_norm.wav_mono.wav_silence.wav_2sec
file1613.wav_16k.wav_norm.wav_mono.wav_silence.wav_2sec
file1614.wav_16k.wav_norm.wav_mono.wav_silence.wav_2sec
file1616.wav_16k.wav_norm.wav_mono.wav_silence.wav_2sec
file163.wav_16k.wav_norm.wav_mono.wav_silence.wav_2sec
file1630.wav_16k.wav_norm.wav_mono.wav_silence.wav_2sec
file1631.wav_16k.wav_norm.wav_mono.wav_silence.wav_2sec
file1637.wav_16k.wav_norm.wav_mono.wav_silence.wav_2sec
file164.wav_16k.wav_norm.wav_mono.wav_silence.wav_2sec
file1640.wav_16k.wav_norm.wav_mono.wav_silence.wav_2sec
file1644.wav_16k.wav_norm.wav_mono.wav_silence.wav_2sec
file1650.wav_16k.wav_norm.wav_mono.wav_silence.wav_2sec
file1651.wav_16k.wav_norm.wav_mono.wav_silence.wav_2sec
file1655.wav_16k.wav_norm.wav_mono.wav_silence.wav_2sec
file1657.wav_16k.wav_norm.wav_mono.wav_silence.wav_2sec
file1663.wav_16k.wav_norm.wav_mono.wav_silence.wav_2sec
file167.wav_16k.wav_norm.wav_mono.wav_silence.wav_2sec
file1674.wav_16k.wav_norm.wav_mono.wav_silence.wav_2sec
file1675.wav_16k.wav_norm.wav_mono.wav_silence.wav_2sec
file1678.wav_16k.wav_norm.wav_mono.wav_silence.wav_2sec
file1680.wav_16k.wav_norm.wav_mono.wav_silence.wav_2sec
file1684.wav_16k.wav_norm.wav_mono.wav_silence.wav_2sec
file1687.wav_16k.wav_norm.wav_mono.wav_silence.wav_2sec
file1693.wav_16k.wav_norm.wav_mono.wav_silence.wav_2sec
file1694.wav_16k.wav_norm.wav_mono.wav_silence.wav_2sec
file1701.wav_16k.wav_norm.wav_mono.wav_silence.wav_2sec
file1703.wav_16k.wav_norm.wav_mono.wav_silence.wav_2sec
file1714.wav_16k.wav_norm.wav_mono.wav_silence.wav_2sec
file1717.wav_16k.wav_norm.wav_mono.wav_silence.wav_2sec
file1718.wav_16k.wav_norm.wav_mono.wav_silence.wav_2sec
file1722.wav_16k.wav_norm.wav_mono.wav_silence.wav_2sec
file1723.wav_16k.wav_norm.wav_mono.wav_silence.wav_2sec
file1724.wav_16k.wav_norm.wav_mono.wav_silence.wav_2sec
file1730.wav_16k.wav_norm.wav_mono.wav_silence.wav_2sec
file1745.wav_16k.wav_norm.wav_mono.wav_silence.wav_2sec
file1749.wav_16k.wav_norm.wav_mono.wav_silence.wav_2sec
file1750.wav_16k.wav_norm.wav_mono.wav_silence.wav_2sec
file1761.wav_16k.wav_norm.wav_mono.wav_silence.wav_2sec
file1764.wav_16k.wav_norm.wav_mono.wav_silence.wav_2sec
file1767.wav_16k.wav_norm.wav_mono.wav_silence.wav_2sec
file1768.wav_16k.wav_norm.wav_mono.wav_silence.wav_2sec
file1773.wav_16k.wav_norm.wav_mono.wav_silence.wav_2sec
file1779.wav_16k.wav_norm.wav_mono.wav_silence.wav_2sec
file178.wav_16k.wav_norm.wav_mono.wav_silence.wav_2sec
file1780.wav_16k.wav_norm.wav_mono.wav_silence.wav_2sec
file1782.wav_16k.wav_norm.wav_mono.wav_silence.wav_2sec
file1784.wav_16k.wav_norm.wav_mono.wav_silence.wav_2sec
file1790.wav_16k.wav_norm.wav_mono.wav_silence.wav_2sec
file1791.wav_16k.wav_norm.wav_mono.wav_silence.wav_2sec
file1793.wav_16k.wav_norm.wav_mono.wav_silence.wav_2sec
file180.wav_16k.wav_norm.wav_mono.wav_silence.wav_2sec
file1801.wav_16k.wav_norm.wav_mono.wav_silence.wav_2sec
file1802.wav_16k.wav_norm.wav_mono.wav_silence.wav_2sec
file1809.wav_16k.wav_norm.wav_mono.wav_silence.wav_2sec
file1811.wav_16k.wav_norm.wav_mono.wav_silence.wav_2sec
file1813.wav_16k.wav_norm.wav_mono.wav_silence.wav_2sec
file182.wav_16k.wav_norm.wav_mono.wav_silence.wav_2sec
file1821.wav_16k.wav_norm.wav_mono.wav_silence.wav_2sec
file1827.wav_16k.wav_norm.wav_mono.wav_silence.wav_2sec
file1830.wav_16k.wav_norm.wav_mono.wav_silence.wav_2sec
file1836.wav_16k.wav_norm.wav_mono.wav_silence.wav_2sec
file1838.wav_16k.wav_norm.wav_mono.wav_silence.wav_2sec
file1839.wav_16k.wav_norm.wav_mono.wav_silence.wav_2sec
file184.wav_16k.wav_norm.wav_mono.wav_silence.wav_2sec
file1841.wav_16k.wav_norm.wav_mono.wav_silence.wav_2sec
file1842.wav_16k.wav_norm.wav_mono.wav_silence.wav_2sec
file1847.wav_16k.wav_norm.wav_mono.wav_silence.wav_2sec
file1854.wav_16k.wav_norm.wav_mono.wav_silence.wav_2sec
file1867.wav_16k.wav_norm.wav_mono.wav_silence.wav_2sec
file1868.wav_16k.wav_norm.wav_mono.wav_silence.wav_2sec
file1871.wav_16k.wav_norm.wav_mono.wav_silence.wav_2sec
file1874.wav_16k.wav_norm.wav_mono.wav_silence.wav_2sec
file1875.wav_16k.wav_norm.wav_mono.wav_silence.wav_2sec
file1895.wav_16k.wav_norm.wav_mono.wav_silence.wav_2sec
file1898.wav_16k.wav_norm.wav_mono.wav_silence.wav_2sec
file19.wav_16k.wav_norm.wav_mono.wav_silence.wav_2sec
file1901.wav_16k.wav_norm.wav_mono.wav_silence.wav_2sec
file1904.wav_16k.wav_norm.wav_mono.wav_silence.wav_2sec
file1909.wav_16k.wav_norm.wav_mono.wav_silence.wav_2sec
file191.wav_16k.wav_norm.wav_mono.wav_silence.wav_2sec
file1914.wav_16k.wav_norm.wav_mono.wav_silence.wav_2sec
file1917.wav_16k.wav_norm.wav_mono.wav_silence.wav_2sec
file1920.wav_16k.wav_norm.wav_mono.wav_silence.wav_2sec
file1922.wav_16k.wav_norm.wav_mono.wav_silence.wav_2sec
file1933.wav_16k.wav_norm.wav_mono.wav_silence.wav_2sec
file1940.wav_16k.wav_norm.wav_mono.wav_silence.wav_2sec
file1953.wav_16k.wav_norm.wav_mono.wav_silence.wav_2sec
file196.wav_16k.wav_norm.wav_mono.wav_silence.wav_2sec
file1961.wav_16k.wav_norm.wav_mono.wav_silence.wav_2sec
file1965.wav_16k.wav_norm.wav_mono.wav_silence.wav_2sec
file1971.wav_16k.wav_norm.wav_mono.wav_silence.wav_2sec
file1972.wav_16k.wav_norm.wav_mono.wav_silence.wav_2sec
file1973.wav_16k.wav_norm.wav_mono.wav_silence.wav_2sec
file1978.wav_16k.wav_norm.wav_mono.wav_silence.wav_2sec
file1979.wav_16k.wav_norm.wav_mono.wav_silence.wav_2sec
file1983.wav_16k.wav_norm.wav_mono.wav_silence.wav_2sec
file1988.wav_16k.wav_norm.wav_mono.wav_silence.wav_2sec
file1997.wav_16k.wav_norm.wav_mono.wav_silence.wav_2sec
file1999.wav_16k.wav_norm.wav_mono.wav_silence.wav_2sec
file2.wav_16k.wav_norm.wav_mono.wav_silence.wav_2sec
file2000.wav_16k.wav_norm.wav_mono.wav_silence.wav_2sec
file2003.wav_16k.wav_norm.wav_mono.wav_silence.wav_2sec
file2009.wav_16k.wav_norm.wav_mono.wav_silence.wav_2sec
file2011.wav_16k.wav_norm.wav_mono.wav_silence.wav_2sec
file2014.wav_16k.wav_norm.wav_mono.wav_silence.wav_2sec
file2019.wav_16k.wav_norm.wav_mono.wav_silence.wav_2sec
file2022.wav_16k.wav_norm.wav_mono.wav_silence.wav_2sec
file2024.wav_16k.wav_norm.wav_mono.wav_silence.wav_2sec
file2027.wav_16k.wav_norm.wav_mono.wav_silence.wav_2sec
file2036.wav_16k.wav_norm.wav_mono.wav_silence.wav_2sec
file2039.wav_16k.wav_norm.wav_mono.wav_silence.wav_2sec
file2040.wav_16k.wav_norm.wav_mono.wav_silence.wav_2sec
file2043.wav_16k.wav_norm.wav_mono.wav_silence.wav_2sec
file2044.wav_16k.wav_norm.wav_mono.wav_silence.wav_2sec
file2048.wav_16k.wav_norm.wav_mono.wav_silence.wav_2sec
file2058.wav_16k.wav_norm.wav_mono.wav_silence.wav_2sec
file2060.wav_16k.wav_norm.wav_mono.wav_silence.wav_2sec
file2062.wav_16k.wav_norm.wav_mono.wav_silence.wav_2sec
file2063.wav_16k.wav_norm.wav_mono.wav_silence.wav_2sec
file2064.wav_16k.wav_norm.wav_mono.wav_silence.wav_2sec
file2079.wav_16k.wav_norm.wav_mono.wav_silence.wav_2sec
file2082.wav_16k.wav_norm.wav_mono.wav_silence.wav_2sec
file2085.wav_16k.wav_norm.wav_mono.wav_silence.wav_2sec
file2089.wav_16k.wav_norm.wav_mono.wav_silence.wav_2sec
file209.wav_16k.wav_norm.wav_mono.wav_silence.wav_2sec
file2097.wav_16k.wav_norm.wav_mono.wav_silence.wav_2sec
file210.wav_16k.wav_norm.wav_mono.wav_silence.wav_2sec
file2103.wav_16k.wav_norm.wav_mono.wav_silence.wav_2sec
file2104.wav_16k.wav_norm.wav_mono.wav_silence.wav_2sec
file2115.wav_16k.wav_norm.wav_mono.wav_silence.wav_2sec
file2116.wav_16k.wav_norm.wav_mono.wav_silence.wav_2sec
file2128.wav_16k.wav_norm.wav_mono.wav_silence.wav_2sec
file2132.wav_16k.wav_norm.wav_mono.wav_silence.wav_2sec
file2139.wav_16k.wav_norm.wav_mono.wav_silence.wav_2sec
file2142.wav_16k.wav_norm.wav_mono.wav_silence.wav_2sec
file2144.wav_16k.wav_norm.wav_mono.wav_silence.wav_2sec
file2146.wav_16k.wav_norm.wav_mono.wav_silence.wav_2sec
file2154.wav_16k.wav_norm.wav_mono.wav_silence.wav_2sec
file2162.wav_16k.wav_norm.wav_mono.wav_silence.wav_2sec
file2168.wav_16k.wav_norm.wav_mono.wav_silence.wav_2sec
file217.wav_16k.wav_norm.wav_mono.wav_silence.wav_2sec
file2171.wav_16k.wav_norm.wav_mono.wav_silence.wav_2sec
file2177.wav_16k.wav_norm.wav_mono.wav_silence.wav_2sec
file2178.wav_16k.wav_norm.wav_mono.wav_silence.wav_2sec
file2181.wav_16k.wav_norm.wav_mono.wav_silence.wav_2sec
file2185.wav_16k.wav_norm.wav_mono.wav_silence.wav_2sec
file2186.wav_16k.wav_norm.wav_mono.wav_silence.wav_2sec
file2194.wav_16k.wav_norm.wav_mono.wav_silence.wav_2sec
file2198.wav_16k.wav_norm.wav_mono.wav_silence.wav_2sec
file2200.wav_16k.wav_norm.wav_mono.wav_silence.wav_2sec
file2209.wav_16k.wav_norm.wav_mono.wav_silence.wav_2sec
file2212.wav_16k.wav_norm.wav_mono.wav_silence.wav_2sec
file2215.wav_16k.wav_norm.wav_mono.wav_silence.wav_2sec
file2217.wav_16k.wav_norm.wav_mono.wav_silence.wav_2sec
file2219.wav_16k.wav_norm.wav_mono.wav_silence.wav_2sec
file2222.wav_16k.wav_norm.wav_mono.wav_silence.wav_2sec
file2225.wav_16k.wav_norm.wav_mono.wav_silence.wav_2sec
file2227.wav_16k.wav_norm.wav_mono.wav_silence.wav_2sec
file2232.wav_16k.wav_norm.wav_mono.wav_silence.wav_2sec
file2233.wav_16k.wav_norm.wav_mono.wav_silence.wav_2sec
file2236.wav_16k.wav_norm.wav_mono.wav_silence.wav_2sec
file224.wav_16k.wav_norm.wav_mono.wav_silence.wav_2sec
file2242.wav_16k.wav_norm.wav_mono.wav_silence.wav_2sec
file2254.wav_16k.wav_norm.wav_mono.wav_silence.wav_2sec
file226.wav_16k.wav_norm.wav_mono.wav_silence.wav_2sec
file2261.wav_16k.wav_norm.wav_mono.wav_silence.wav_2sec
file2263.wav_16k.wav_norm.wav_mono.wav_silence.wav_2sec
file2266.wav_16k.wav_norm.wav_mono.wav_silence.wav_2sec
file2267.wav_16k.wav_norm.wav_mono.wav_silence.wav_2sec
file227.wav_16k.wav_norm.wav_mono.wav_silence.wav_2sec
file2274.wav_16k.wav_norm.wav_mono.wav_silence.wav_2sec
file2277.wav_16k.wav_norm.wav_mono.wav_silence.wav_2sec
file2283.wav_16k.wav_norm.wav_mono.wav_silence.wav_2sec
file2284.wav_16k.wav_norm.wav_mono.wav_silence.wav_2sec
file2285.wav_16k.wav_norm.wav_mono.wav_silence.wav_2sec
file2297.wav_16k.wav_norm.wav_mono.wav_silence.wav_2sec
file2298.wav_16k.wav_norm.wav_mono.wav_silence.wav_2sec
file230.wav_16k.wav_norm.wav_mono.wav_silence.wav_2sec
file2301.wav_16k.wav_norm.wav_mono.wav_silence.wav_2sec
file2304.wav_16k.wav_norm.wav_mono.wav_silence.wav_2sec
file2305.wav_16k.wav_norm.wav_mono.wav_silence.wav_2sec
file2323.wav_16k.wav_norm.wav_mono.wav_silence.wav_2sec
file2345.wav_16k.wav_norm.wav_mono.wav_silence.wav_2sec
file2360.wav_16k.wav_norm.wav_mono.wav_silence.wav_2sec
file2364.wav_16k.wav_norm.wav_mono.wav_silence.wav_2sec
file2367.wav_16k.wav_norm.wav_mono.wav_silence.wav_2sec
file24.wav_16k.wav_norm.wav_mono.wav_silence.wav_2sec
file243.wav_16k.wav_norm.wav_mono.wav_silence.wav_2sec
file246.wav_16k.wav_norm.wav_mono.wav_silence.wav_2sec
file25.wav_16k.wav_norm.wav_mono.wav_silence.wav_2sec
file251.wav_16k.wav_norm.wav_mono.wav_silence.wav_2sec
file254.wav_16k.wav_norm.wav_mono.wav_silence.wav_2sec
file257.wav_16k.wav_norm.wav_mono.wav_silence.wav_2sec
file26.wav_16k.wav_norm.wav_mono.wav_silence.wav_2sec
file260.wav_16k.wav_norm.wav_mono.wav_silence.wav_2sec
file262.wav_16k.wav_norm.wav_mono.wav_silence.wav_2sec
file263.wav_16k.wav_norm.wav_mono.wav_silence.wav_2sec
file272.wav_16k.wav_norm.wav_mono.wav_silence.wav_2sec
file280.wav_16k.wav_norm.wav_mono.wav_silence.wav_2sec
file284.wav_16k.wav_norm.wav_mono.wav_silence.wav_2sec
file285.wav_16k.wav_norm.wav_mono.wav_silence.wav_2sec
file287.wav_16k.wav_norm.wav_mono.wav_silence.wav_2sec
file288.wav_16k.wav_norm.wav_mono.wav_silence.wav_2sec
file294.wav_16k.wav_norm.wav_mono.wav_silence.wav_2sec
file296.wav_16k.wav_norm.wav_mono.wav_silence.wav_2sec
file298.wav_16k.wav_norm.wav_mono.wav_silence.wav_2sec
file302.wav_16k.wav_norm.wav_mono.wav_silence.wav_2sec
file306.wav_16k.wav_norm.wav_mono.wav_silence.wav_2sec
file310.wav_16k.wav_norm.wav_mono.wav_silence.wav_2sec
file312.wav_16k.wav_norm.wav_mono.wav_silence.wav_2sec
file320.wav_16k.wav_norm.wav_mono.wav_silence.wav_2sec
file322.wav_16k.wav_norm.wav_mono.wav_silence.wav_2sec
file328.wav_16k.wav_norm.wav_mono.wav_silence.wav_2sec
file331.wav_16k.wav_norm.wav_mono.wav_silence.wav_2sec
file332.wav_16k.wav_norm.wav_mono.wav_silence.wav_2sec
file338.wav_16k.wav_norm.wav_mono.wav_silence.wav_2sec
file340.wav_16k.wav_norm.wav_mono.wav_silence.wav_2sec
file350.wav_16k.wav_norm.wav_mono.wav_silence.wav_2sec
file356.wav_16k.wav_norm.wav_mono.wav_silence.wav_2sec
file359.wav_16k.wav_norm.wav_mono.wav_silence.wav_2sec
file364.wav_16k.wav_norm.wav_mono.wav_silence.wav_2sec
file365.wav_16k.wav_norm.wav_mono.wav_silence.wav_2sec
file368.wav_16k.wav_norm.wav_mono.wav_silence.wav_2sec
file369.wav_16k.wav_norm.wav_mono.wav_silence.wav_2sec
file37.wav_16k.wav_norm.wav_mono.wav_silence.wav_2sec
file372.wav_16k.wav_norm.wav_mono.wav_silence.wav_2sec
file377.wav_16k.wav_norm.wav_mono.wav_silence.wav_2sec
file384.wav_16k.wav_norm.wav_mono.wav_silence.wav_2sec
file385.wav_16k.wav_norm.wav_mono.wav_silence.wav_2sec
file388.wav_16k.wav_norm.wav_mono.wav_silence.wav_2sec
file39.wav_16k.wav_norm.wav_mono.wav_silence.wav_2sec
file390.wav_16k.wav_norm.wav_mono.wav_silence.wav_2sec
file391.wav_16k.wav_norm.wav_mono.wav_silence.wav_2sec
file394.wav_16k.wav_norm.wav_mono.wav_silence.wav_2sec
file406.wav_16k.wav_norm.wav_mono.wav_silence.wav_2sec
file409.wav_16k.wav_norm.wav_mono.wav_silence.wav_2sec
file410.wav_16k.wav_norm.wav_mono.wav_silence.wav_2sec
file412.wav_16k.wav_norm.wav_mono.wav_silence.wav_2sec
file42.wav_16k.wav_norm.wav_mono.wav_silence.wav_2sec
file425.wav_16k.wav_norm.wav_mono.wav_silence.wav_2sec
file433.wav_16k.wav_norm.wav_mono.wav_silence.wav_2sec
file435.wav_16k.wav_norm.wav_mono.wav_silence.wav_2sec
file442.wav_16k.wav_norm.wav_mono.wav_silence.wav_2sec
file450.wav_16k.wav_norm.wav_mono.wav_silence.wav_2sec
file452.wav_16k.wav_norm.wav_mono.wav_silence.wav_2sec
file457.wav_16k.wav_norm.wav_mono.wav_silence.wav_2sec
file459.wav_16k.wav_norm.wav_mono.wav_silence.wav_2sec
file462.wav_16k.wav_norm.wav_mono.wav_silence.wav_2sec
file470.wav_16k.wav_norm.wav_mono.wav_silence.wav_2sec
file473.wav_16k.wav_norm.wav_mono.wav_silence.wav_2sec
file477.wav_16k.wav_norm.wav_mono.wav_silence.wav_2sec
file478.wav_16k.wav_norm.wav_mono.wav_silence.wav_2sec
file483.wav_16k.wav_norm.wav_mono.wav_silence.wav_2sec
file485.wav_16k.wav_norm.wav_mono.wav_silence.wav_2sec
file487.wav_16k.wav_norm.wav_mono.wav_silence.wav_2sec
file489.wav_16k.wav_norm.wav_mono.wav_silence.wav_2sec
file49.wav_16k.wav_norm.wav_mono.wav_silence.wav_2sec
file490.wav_16k.wav_norm.wav_mono.wav_silence.wav_2sec
file492.wav_16k.wav_norm.wav_mono.wav_silence.wav_2sec
file502.wav_16k.wav_norm.wav_mono.wav_silence.wav_2sec
file504.wav_16k.wav_norm.wav_mono.wav_silence.wav_2sec
file507.wav_16k.wav_norm.wav_mono.wav_silence.wav_2sec
file511.wav_16k.wav_norm.wav_mono.wav_silence.wav_2sec
file512.wav_16k.wav_norm.wav_mono.wav_silence.wav_2sec
file517.wav_16k.wav_norm.wav_mono.wav_silence.wav_2sec
file519.wav_16k.wav_norm.wav_mono.wav_silence.wav_2sec
file527.wav_16k.wav_norm.wav_mono.wav_silence.wav_2sec
file532.wav_16k.wav_norm.wav_mono.wav_silence.wav_2sec
file534.wav_16k.wav_norm.wav_mono.wav_silence.wav_2sec
file537.wav_16k.wav_norm.wav_mono.wav_silence.wav_2sec
file546.wav_16k.wav_norm.wav_mono.wav_silence.wav_2sec
file549.wav_16k.wav_norm.wav_mono.wav_silence.wav_2sec
file557.wav_16k.wav_norm.wav_mono.wav_silence.wav_2sec
file56.wav_16k.wav_norm.wav_mono.wav_silence.wav_2sec
file561.wav_16k.wav_norm.wav_mono.wav_silence.wav_2sec
file563.wav_16k.wav_norm.wav_mono.wav_silence.wav_2sec
file564.wav_16k.wav_norm.wav_mono.wav_silence.wav_2sec
file572.wav_16k.wav_norm.wav_mono.wav_silence.wav_2sec
file574.wav_16k.wav_norm.wav_mono.wav_silence.wav_2sec
file575.wav_16k.wav_norm.wav_mono.wav_silence.wav_2sec
file577.wav_16k.wav_norm.wav_mono.wav_silence.wav_2sec
file578.wav_16k.wav_norm.wav_mono.wav_silence.wav_2sec
file579.wav_16k.wav_norm.wav_mono.wav_silence.wav_2sec
file582.wav_16k.wav_norm.wav_mono.wav_silence.wav_2sec
file583.wav_16k.wav_norm.wav_mono.wav_silence.wav_2sec
file589.wav_16k.wav_norm.wav_mono.wav_silence.wav_2sec
file591.wav_16k.wav_norm.wav_mono.wav_silence.wav_2sec
file595.wav_16k.wav_norm.wav_mono.wav_silence.wav_2sec
file596.wav_16k.wav_norm.wav_mono.wav_silence.wav_2sec
file599.wav_16k.wav_norm.wav_mono.wav_silence.wav_2sec
file603.wav_16k.wav_norm.wav_mono.wav_silence.wav_2sec
file605.wav_16k.wav_norm.wav_mono.wav_silence.wav_2sec
file61.wav_16k.wav_norm.wav_mono.wav_silence.wav_2sec
file611.wav_16k.wav_norm.wav_mono.wav_silence.wav_2sec
file612.wav_16k.wav_norm.wav_mono.wav_silence.wav_2sec
file622.wav_16k.wav_norm.wav_mono.wav_silence.wav_2sec
file625.wav_16k.wav_norm.wav_mono.wav_silence.wav_2sec
file629.wav_16k.wav_norm.wav_mono.wav_silence.wav_2sec
file633.wav_16k.wav_norm.wav_mono.wav_silence.wav_2sec
file646.wav_16k.wav_norm.wav_mono.wav_silence.wav_2sec
file65.wav_16k.wav_norm.wav_mono.wav_silence.wav_2sec
file651.wav_16k.wav_norm.wav_mono.wav_silence.wav_2sec
file655.wav_16k.wav_norm.wav_mono.wav_silence.wav_2sec
file658.wav_16k.wav_norm.wav_mono.wav_silence.wav_2sec
file660.wav_16k.wav_norm.wav_mono.wav_silence.wav_2sec
file666.wav_16k.wav_norm.wav_mono.wav_silence.wav_2sec
file668.wav_16k.wav_norm.wav_mono.wav_silence.wav_2sec
file677.wav_16k.wav_norm.wav_mono.wav_silence.wav_2sec
file680.wav_16k.wav_norm.wav_mono.wav_silence.wav_2sec
file688.wav_16k.wav_norm.wav_mono.wav_silence.wav_2sec
file692.wav_16k.wav_norm.wav_mono.wav_silence.wav_2sec
file694.wav_16k.wav_norm.wav_mono.wav_silence.wav_2sec
file699.wav_16k.wav_norm.wav_mono.wav_silence.wav_2sec
file703.wav_16k.wav_norm.wav_mono.wav_silence.wav_2sec
file707.wav_16k.wav_norm.wav_mono.wav_silence.wav_2sec
file708.wav_16k.wav_norm.wav_mono.wav_silence.wav_2sec
file709.wav_16k.wav_norm.wav_mono.wav_silence.wav_2sec
file71.wav_16k.wav_norm.wav_mono.wav_silence.wav_2sec
file712.wav_16k.wav_norm.wav_mono.wav_silence.wav_2sec
file714.wav_16k.wav_norm.wav_mono.wav_silence.wav_2sec
file72.wav_16k.wav_norm.wav_mono.wav_silence.wav_2sec
file725.wav_16k.wav_norm.wav_mono.wav_silence.wav_2sec
file727.wav_16k.wav_norm.wav_mono.wav_silence.wav_2sec
file730.wav_16k.wav_norm.wav_mono.wav_silence.wav_2sec
file732.wav_16k.wav_norm.wav_mono.wav_silence.wav_2sec
file735.wav_16k.wav_norm.wav_mono.wav_silence.wav_2sec
file738.wav_16k.wav_norm.wav_mono.wav_silence.wav_2sec
file761.wav_16k.wav_norm.wav_mono.wav_silence.wav_2sec
file762.wav_16k.wav_norm.wav_mono.wav_silence.wav_2sec
file77.wav_16k.wav_norm.wav_mono.wav_silence.wav_2sec
file775.wav_16k.wav_norm.wav_mono.wav_silence.wav_2sec
file776.wav_16k.wav_norm.wav_mono.wav_silence.wav_2sec
file788.wav_16k.wav_norm.wav_mono.wav_silence.wav_2sec
file79.wav_16k.wav_norm.wav_mono.wav_silence.wav_2sec
file794.wav_16k.wav_norm.wav_mono.wav_silence.wav_2sec
file797.wav_16k.wav_norm.wav_mono.wav_silence.wav_2sec
file801.wav_16k.wav_norm.wav_mono.wav_silence.wav_2sec
file803.wav_16k.wav_norm.wav_mono.wav_silence.wav_2sec
file805.wav_16k.wav_norm.wav_mono.wav_silence.wav_2sec
file81.wav_16k.wav_norm.wav_mono.wav_silence.wav_2sec
file812.wav_16k.wav_norm.wav_mono.wav_silence.wav_2sec
file817.wav_16k.wav_norm.wav_mono.wav_silence.wav_2sec
file819.wav_16k.wav_norm.wav_mono.wav_silence.wav_2sec
file823.wav_16k.wav_norm.wav_mono.wav_silence.wav_2sec
file826.wav_16k.wav_norm.wav_mono.wav_silence.wav_2sec
file830.wav_16k.wav_norm.wav_mono.wav_silence.wav_2sec
file836.wav_16k.wav_norm.wav_mono.wav_silence.wav_2sec
file840.wav_16k.wav_norm.wav_mono.wav_silence.wav_2sec
file843.wav_16k.wav_norm.wav_mono.wav_silence.wav_2sec
file851.wav_16k.wav_norm.wav_mono.wav_silence.wav_2sec
file866.wav_16k.wav_norm.wav_mono.wav_silence.wav_2sec
file867.wav_16k.wav_norm.wav_mono.wav_silence.wav_2sec
file868.wav_16k.wav_norm.wav_mono.wav_silence.wav_2sec
file87.wav_16k.wav_norm.wav_mono.wav_silence.wav_2sec
file878.wav_16k.wav_norm.wav_mono.wav_silence.wav_2sec
file88.wav_16k.wav_norm.wav_mono.wav_silence.wav_2sec
file881.wav_16k.wav_norm.wav_mono.wav_silence.wav_2sec
file89.wav_16k.wav_norm.wav_mono.wav_silence.wav_2sec
file890.wav_16k.wav_norm.wav_mono.wav_silence.wav_2sec
file893.wav_16k.wav_norm.wav_mono.wav_silence.wav_2sec
file899.wav_16k.wav_norm.wav_mono.wav_silence.wav_2sec
file90.wav_16k.wav_norm.wav_mono.wav_silence.wav_2sec
file905.wav_16k.wav_norm.wav_mono.wav_silence.wav_2sec
file907.wav_16k.wav_norm.wav_mono.wav_silence.wav_2sec
file908.wav_16k.wav_norm.wav_mono.wav_silence.wav_2sec
file91.wav_16k.wav_norm.wav_mono.wav_silence.wav_2sec
file911.wav_16k.wav_norm.wav_mono.wav_silence.wav_2sec
file920.wav_16k.wav_norm.wav_mono.wav_silence.wav_2sec
file928.wav_16k.wav_norm.wav_mono.wav_silence.wav_2sec
file931.wav_16k.wav_norm.wav_mono.wav_silence.wav_2sec
file932.wav_16k.wav_norm.wav_mono.wav_silence.wav_2sec
file935.wav_16k.wav_norm.wav_mono.wav_silence.wav_2sec
file937.wav_16k.wav_norm.wav_mono.wav_silence.wav_2sec
file938.wav_16k.wav_norm.wav_mono.wav_silence.wav_2sec
file952.wav_16k.wav_norm.wav_mono.wav_silence.wav_2sec
file956.wav_16k.wav_norm.wav_mono.wav_silence.wav_2sec
file963.wav_16k.wav_norm.wav_mono.wav_silence.wav_2sec
file964.wav_16k.wav_norm.wav_mono.wav_silence.wav_2sec
file966.wav_16k.wav_norm.wav_mono.wav_silence.wav_2sec
file972.wav_16k.wav_norm.wav_mono.wav_silence.wav_2sec
file981.wav_16k.wav_norm.wav_mono.wav_silence.wav_2sec
file984.wav_16k.wav_norm.wav_mono.wav_silence.wav_2sec
file989.wav_16k.wav_norm.wav_mono.wav_silence.wav_2sec
file995.wav_16k.wav_norm.wav_mono.wav_silence.wav_2sec
file997.wav_16k.wav_norm.wav_mono.wav_silence.wav_2sec
